// Jest Snapshot v1, https://goo.gl/fbAQLP

exports[`AppHeader render correctly 1`] = `
<header
  className="sc-bdfBwQ hMdVtH"
>
  <h1>
    Omise Tamboon React
  </h1>
</header>
`;
